# Testing file.
# Tests adding multiple nodes to a graph and listing them back as a 
# single line of nodes

# Create a graph
created graph graph1

# Adds 5 different nodes
added node n1 to graph1
added node n2 to graph1
added node n3 to graph1
added node startingWithDifLetter to graph1
added node aLetterBeforeN to graph1

# Print the nodes in the graph and the outgoing edges from n1
graph1 contains: aLetterBeforeN n1 n2 n3 startingWithDifLetter